============================================================
==> Building PP variant in /home/hpc-i/student10/HemePure_GPU_AMD/src/build/PP
============================================================
-- The C compiler identification is NVHPC 26.3.0
-- The CXX compiler identification is Clang 22.0.0
-- Detecting C compiler ABI info
-- Detecting C compiler ABI info - done
-- Check for working C compiler: /opt/nvidia/hpc_sdk/Linux_x86_64/26.3/compilers/bin/nvc - skipped
-- Detecting C compile features
-- Detecting C compile features - done
-- Detecting CXX compiler ABI info
-- Detecting CXX compiler ABI info - done
-- Check for working CXX compiler: /opt/rocm-7.2.0/bin/hipcc - skipped
-- Detecting CXX compile features
-- Detecting CXX compile features - done
-- Found OpenMP_C: -mp (found version "5.1") 
-- Found OpenMP_CXX: -fopenmp=libomp  
-- Found OpenMP: TRUE (found version "5.1")  
CMake Warning (dev) at CMakeLists.txt:53 (set):
  implicitly converting 'INTEGER' to 'STRING' type.
This warning is for project developers.  Use -Wno-dev to suppress it.

CMake Warning (dev) at CMakeLists.txt:55 (set):
  implicitly converting 'INTEGER' to 'STRING' type.
This warning is for project developers.  Use -Wno-dev to suppress it.

'CXXFlags=' -Wno-deprecated-declarations -O3 -march=native -march=native
-- The HIP compiler identification is Clang 22.0.0
-- Detecting HIP compiler ABI info
-- Detecting HIP compiler ABI info - done
-- Check for working HIP compiler: /opt/rocm-7.2.0/lib/llvm/bin/clang++ - skipped
-- Detecting HIP compile features
-- Detecting HIP compile features - done
CMake Warning (dev) at /opt/rocm-7.2.0/lib/cmake/hip/hip-config-amd.cmake:70 (message):
  AMDGPU_TARGETS is deprecated.  Please use GPU_TARGETS instead.
Call Stack (most recent call first):
  /opt/rocm-7.2.0/lib/cmake/hip/hip-config.cmake:138 (include)
  CMakeLists.txt:236 (find_package)
This warning is for project developers.  Use -Wno-dev to suppress it.

-- Performing Test CMAKE_HAVE_LIBC_PTHREAD
-- Performing Test CMAKE_HAVE_LIBC_PTHREAD - Success
-- Found Threads: TRUE  
-- Performing Test HIP_CLANG_SUPPORTS_PARALLEL_JOBS
-- Performing Test HIP_CLANG_SUPPORTS_PARALLEL_JOBS - Success
HIP found
   HIP_PATH:         /opt/rocm
   HIP version:      
   HIP platform:     amd
   HIP runtime:      rocclr
   HIP compiler:     clang
   HIP Include Path: /opt/rocm-7.2.0/include
   HIP Libraries:    hip::host;hip::device
   GPU compiler:     /opt/rocm-7.2.0/bin/hipcc
-- Enabling MPI Parallel I/O for geometry reading
-- Performing Test HAVE_RUSAGE
-- Performing Test HAVE_RUSAGE - Success
-- Looking for funopen
-- Looking for funopen - not found
-- Looking for fopencookie
-- Looking for fopencookie - found
-- Found MPI_C: /opt/nvidia/hpc_sdk/Linux_x86_64/26.3/comm_libs/13.1/hpcx/hpcx-2.25.1/ompi/lib/libmpi.so (found version "3.1") 
-- Found MPI_CXX: /opt/nvidia/hpc_sdk/Linux_x86_64/26.3/comm_libs/13.1/hpcx/hpcx-2.25.1/ompi/lib/libmpi.so (found version "3.1") 
-- Found MPI: TRUE (found version "3.1")  
-- Performing Test HAVE_CONSTCORRECTMPI
-- Performing Test HAVE_CONSTCORRECTMPI - Success
-- Found PARMETIS: /home/hpc-i/student10/HemePure_GPU_AMD/dep/install/lib/libparmetis.a;/home/hpc-i/student10/HemePure_GPU_AMD/dep/install/lib/libmetis.a  
-- Found TINYXML: /home/hpc-i/student10/HemePure_GPU_AMD/dep/install/lib/libtinyxml.a  
-- Found CTEMPLATE: /home/hpc-i/student10/HemePure_GPU_AMD/dep/install/lib/libctemplate.so  
-- Found Boost: /home/hpc-i/student10/HemePure_GPU_AMD/dep/install/include (found suitable version "1.83.0", minimum required is "1.54")  
-- Found ZLIB: /usr/lib/x86_64-linux-gnu/libz.so (found version "1.3")  
-- Checking for module 'libtirpc'
--   Package 'libtirpc', required by 'virtual:world', not found
-- Found TIRPC: /home/hpc-i/student10/HemePure_GPU_AMD/dep/install/include/tirpc  
-- Performing Test HAVE_XDRUINTXX_T
-- Performing Test HAVE_XDRUINTXX_T - Success
-- Configuring done (15.5s)
-- Generating done (0.1s)
-- Build files have been written to: /home/hpc-i/student10/HemePure_GPU_AMD/src/build/PP
[  1%] Building CXX object log/CMakeFiles/hemelb_log.dir/Logger.cc.o
[  2%] Building CXX object util/CMakeFiles/hemelb_util.dir/UnitConverter.cc.o
[  3%] Building CXX object util/CMakeFiles/hemelb_util.dir/fileutils.cc.o
[  3%] Building CXX object util/CMakeFiles/hemelb_util.dir/Vector3D.cc.o
[  4%] Building CXX object util/CMakeFiles/hemelb_util.dir/Matrix3D.cc.o
[  5%] Building CXX object util/CMakeFiles/hemelb_util.dir/Vector3DHemeLb.cc.o
[  6%] Building CXX object util/CMakeFiles/hemelb_util.dir/Bessel.cc.o
[  7%] Building CXX object util/CMakeFiles/hemelb_util.dir/utilityFunctions.cc.o
[  9%] Building CXX object reporting/CMakeFiles/hemelb_reporting.dir/Timers.cc.o
[  9%] Building CXX object reporting/CMakeFiles/hemelb_reporting.dir/Reporter.cc.o
[  9%] Building CXX object net/CMakeFiles/hemelb_net.dir/MpiDataType.cc.o
[ 10%] Building CXX object configuration/CMakeFiles/hemelb_configuration.dir/CommandLine.cc.o
[ 11%] Building CXX object lb/CMakeFiles/hemelb_lb.dir/iolets/BoundaryCommunicator.cc.o
[ 12%] Building CXX object extraction/CMakeFiles/hemelb_extraction.dir/GeometrySelector.cc.o
[ 12%] Building HIP object CMakeFiles/gpu_objs.dir/SimulationMaster.cu.o
[ 12%] Building CXX object geometry/CMakeFiles/hemelb_geometry.dir/Block.cc.o
[ 13%] Building HIP object geometry/CMakeFiles/hemelb_geometry.dir/BlockTraverser.cc.o
In file included from /home/hpc-i/student10/HemePure_GPU_AMD/src/SimulationMaster.cu:6:
In file included from /home/hpc-i/student10/HemePure_GPU_AMD/src/SimulationMaster.h:10:
In file included from /home/hpc-i/student10/HemePure_GPU_AMD/src/extraction/PropertyActor.h:11:
In file included from /home/hpc-i/student10/HemePure_GPU_AMD/src/io/PathManager.h:14:
In file included from /home/hpc-i/student10/HemePure_GPU_AMD/src/configuration/SimConfig.h:19:
/home/hpc-i/student10/HemePure_GPU_AMD/src/io/xml/XmlAbstractionLayer.h:241:41: warning: 'iterator<std::forward_iterator_tag, hemelb::io::xml::Element>' is deprecated [-Wdeprecated-declarations]
  241 |       class ChildIterator : public std::iterator<std::forward_iterator_tag, Element>
      |                                         ^
/usr/lib/gcc/x86_64-linux-gnu/14/../../../../include/c++/14/bits/stl_iterator_base_types.h:127:12: note: 'iterator<std::forward_iterator_tag, hemelb::io::xml::Element>' has been explicitly marked deprecated here
  127 |     struct _GLIBCXX17_DEPRECATED iterator
      |            ^
/usr/lib/gcc/x86_64-linux-gnu/14/../../../../include/x86_64-linux-gnu/c++/14/bits/c++config.h:123:34: note: expanded from macro '_GLIBCXX17_DEPRECATED'
  123 | # define _GLIBCXX17_DEPRECATED [[__deprecated__]]
      |                                  ^
[ 14%] Building HIP object geometry/CMakeFiles/hemelb_geometry.dir/BlockTraverserWithVisitedBlockTracker.cc.o
[ 15%] Building HIP object lb/CMakeFiles/hemelb_lb.dir/iolets/BoundaryComms.cc.o
In file included from /home/hpc-i/student10/HemePure_GPU_AMD/src/SimulationMaster.cu:6:
In file included from /home/hpc-i/student10/HemePure_GPU_AMD/src/SimulationMaster.h:11:
In file included from /home/hpc-i/student10/HemePure_GPU_AMD/src/lb/lb.hpp:10:
In file included from /home/hpc-i/student10/HemePure_GPU_AMD/src/lb/lb.h:18:
In file included from /home/hpc-i/student10/HemePure_GPU_AMD/src/lb/BuildSystemInterface.h:10:
In file included from /home/hpc-i/student10/HemePure_GPU_AMD/src/lb/kernels/Kernels.h:15:
In file included from /home/hpc-i/student10/HemePure_GPU_AMD/src/lb/kernels/LBGKSpongeLayer.h:14:
/home/hpc-i/student10/HemePure_GPU_AMD/src/cuda_kernels_def_decl/cuda_params.h:25:21: error: unknown type name 'distribn_t'; did you mean 'hemelb::distribn_t'?
   25 | extern __constant__ distribn_t dev_tau;
      |                     ^~~~~~~~~~
      |                     hemelb::distribn_t
/home/hpc-i/student10/HemePure_GPU_AMD/src/units.h:26:18: note: 'hemelb::distribn_t' declared here
   26 |   typedef double distribn_t;
      |                  ^
In file included from /home/hpc-i/student10/HemePure_GPU_AMD/src/SimulationMaster.cu:6:
In file included from /home/hpc-i/student10/HemePure_GPU_AMD/src/SimulationMaster.h:11:
In file included from /home/hpc-i/student10/HemePure_GPU_AMD/src/lb/lb.hpp:10:
In file included from /home/hpc-i/student10/HemePure_GPU_AMD/src/lb/lb.h:18:
In file included from /home/hpc-i/student10/HemePure_GPU_AMD/src/lb/BuildSystemInterface.h:10:
In file included from /home/hpc-i/student10/HemePure_GPU_AMD/src/lb/kernels/Kernels.h:15:
In file included from /home/hpc-i/student10/HemePure_GPU_AMD/src/lb/kernels/LBGKSpongeLayer.h:14:
/home/hpc-i/student10/HemePure_GPU_AMD/src/cuda_kernels_def_decl/cuda_params.h:26:21: error: unknown type name 'distribn_t'; did you mean 'hemelb::distribn_t'?
   26 | extern __constant__ distribn_t dev_minusInvTau;
      |                     ^~~~~~~~~~
      |                     hemelb::distribn_t
/home/hpc-i/student10/HemePure_GPU_AMD/src/units.h:26:18: note: 'hemelb::distribn_t' declared here
   26 |   typedef double distribn_t;
      |                  ^
In file included from /home/hpc-i/student10/HemePure_GPU_AMD/src/SimulationMaster.cu:6:
In file included from /home/hpc-i/student10/HemePure_GPU_AMD/src/SimulationMaster.h:11:
In file included from /home/hpc-i/student10/HemePure_GPU_AMD/src/lb/lb.hpp:10:
In file included from /home/hpc-i/student10/HemePure_GPU_AMD/src/lb/lb.h:18:
In file included from /home/hpc-i/student10/HemePure_GPU_AMD/src/lb/BuildSystemInterface.h:10:
In file included from /home/hpc-i/student10/HemePure_GPU_AMD/src/lb/kernels/Kernels.h:15:
In file included from /home/hpc-i/student10/HemePure_GPU_AMD/src/lb/kernels/LBGKSpongeLayer.h:14:
/home/hpc-i/student10/HemePure_GPU_AMD/src/cuda_kernels_def_decl/cuda_params.h:28:32: error: unknown type name 'distribn_t'; did you mean 'hemelb::distribn_t'?
   28 | extern __device__ __constant__ distribn_t _EQMWEIGHTS_19[19];
      |                                ^~~~~~~~~~
      |                                hemelb::distribn_t
/home/hpc-i/student10/HemePure_GPU_AMD/src/units.h:26:18: note: 'hemelb::distribn_t' declared here
   26 |   typedef double distribn_t;
      |                  ^
In file included from /home/hpc-i/student10/HemePure_GPU_AMD/src/SimulationMaster.cu:6:
In file included from /home/hpc-i/student10/HemePure_GPU_AMD/src/SimulationMaster.h:11:
In file included from /home/hpc-i/student10/HemePure_GPU_AMD/src/lb/lb.hpp:10:
In file included from /home/hpc-i/student10/HemePure_GPU_AMD/src/lb/lb.h:18:
In file included from /home/hpc-i/student10/HemePure_GPU_AMD/src/lb/BuildSystemInterface.h:10:
In file included from /home/hpc-i/student10/HemePure_GPU_AMD/src/lb/kernels/Kernels.h:15:
In file included from /home/hpc-i/student10/HemePure_GPU_AMD/src/lb/kernels/LBGKSpongeLayer.h:14:
/home/hpc-i/student10/HemePure_GPU_AMD/src/cuda_kernels_def_decl/cuda_params.h:32:21: error: unknown type name 'distribn_t'; did you mean 'hemelb::distribn_t'?
   32 | extern __constant__ distribn_t _Cs2;
      |                     ^~~~~~~~~~
      |                     hemelb::distribn_t
/home/hpc-i/student10/HemePure_GPU_AMD/src/units.h:26:18: note: 'hemelb::distribn_t' declared here
   26 |   typedef double distribn_t;
      |                  ^
In file included from /home/hpc-i/student10/HemePure_GPU_AMD/src/SimulationMaster.cu:6:
In file included from /home/hpc-i/student10/HemePure_GPU_AMD/src/SimulationMaster.h:11:
In file included from /home/hpc-i/student10/HemePure_GPU_AMD/src/lb/lb.hpp:10:
In file included from /home/hpc-i/student10/HemePure_GPU_AMD/src/lb/lb.h:18:
In file included from /home/hpc-i/student10/HemePure_GPU_AMD/src/lb/BuildSystemInterface.h:10:
In file included from /home/hpc-i/student10/HemePure_GPU_AMD/src/lb/kernels/Kernels.h:15:
In file included from /home/hpc-i/student10/HemePure_GPU_AMD/src/lb/kernels/LBGKSpongeLayer.h:14:
/home/hpc-i/student10/HemePure_GPU_AMD/src/cuda_kernels_def_decl/cuda_params.h:34:21: error: unknown type name 'distribn_t'; did you mean 'hemelb::distribn_t'?
   34 | extern __constant__ distribn_t _iStressParameter;
      |                     ^~~~~~~~~~
      |                     hemelb::distribn_t
/home/hpc-i/student10/HemePure_GPU_AMD/src/units.h:26:18: note: 'hemelb::distribn_t' declared here
   26 |   typedef double distribn_t;
      |                  ^
In file included from /home/hpc-i/student10/HemePure_GPU_AMD/src/SimulationMaster.cu:6:
In file included from /home/hpc-i/student10/HemePure_GPU_AMD/src/SimulationMaster.h:11:
In file included from /home/hpc-i/student10/HemePure_GPU_AMD/src/lb/lb.hpp:10:
In file included from /home/hpc-i/student10/HemePure_GPU_AMD/src/lb/lb.h:18:
In file included from /home/hpc-i/student10/HemePure_GPU_AMD/src/lb/BuildSystemInterface.h:10:
In file included from /home/hpc-i/student10/HemePure_GPU_AMD/src/lb/kernels/Kernels.h:15:
In file included from /home/hpc-i/student10/HemePure_GPU_AMD/src/lb/kernels/LBGKSpongeLayer.h:14:
/home/hpc-i/student10/HemePure_GPU_AMD/src/cuda_kernels_def_decl/cuda_params.h:37:21: error: unknown type name 'distribn_t'; did you mean 'hemelb::distribn_t'?
   37 | extern __constant__ distribn_t dev_smag_cnst;
      |                     ^~~~~~~~~~
      |                     hemelb::distribn_t
/home/hpc-i/student10/HemePure_GPU_AMD/src/units.h:26:18: note: 'hemelb::distribn_t' declared here
   26 |   typedef double distribn_t;
      |                  ^
In file included from /home/hpc-i/student10/HemePure_GPU_AMD/src/SimulationMaster.cu:6:
In file included from /home/hpc-i/student10/HemePure_GPU_AMD/src/SimulationMaster.h:11:
In file included from /home/hpc-i/student10/HemePure_GPU_AMD/src/lb/lb.hpp:10:
In file included from /home/hpc-i/student10/HemePure_GPU_AMD/src/lb/lb.h:18:
In file included from /home/hpc-i/student10/HemePure_GPU_AMD/src/lb/BuildSystemInterface.h:10:
In file included from /home/hpc-i/student10/HemePure_GPU_AMD/src/lb/kernels/Kernels.h:15:
In file included from /home/hpc-i/student10/HemePure_GPU_AMD/src/lb/kernels/LBGKSpongeLayer.h:14:
/home/hpc-i/student10/HemePure_GPU_AMD/src/cuda_kernels_def_decl/cuda_params.h:401:2: warning: '/*' within block comment [-Wcomment]
  401 |         /* Despite its name, this method does not compute the whole pi tensor (i.e. momentum flux tensor). What it does is
      |         ^
/home/hpc-i/student10/HemePure_GPU_AMD/src/cuda_kernels_def_decl/cuda_params.h:466:2: warning: '/*' within block comment [-Wcomment]
  466 |         /* Despite its name, this method does not compute the whole pi tensor (i.e. momentum flux tensor). What it does is
      |         ^
[ 15%] Building HIP object configuration/CMakeFiles/hemelb_configuration.dir/SimConfig.cc.o
[ 16%] Building CXX object net/CMakeFiles/hemelb_net.dir/MpiEnvironment.cc.o
[ 17%] Building HIP object lb/CMakeFiles/hemelb_lb.dir/iolets/BoundaryValues.cc.o
[ 18%] Building CXX object net/CMakeFiles/hemelb_net.dir/MpiError.cc.o
[ 19%] Building HIP object CMakeFiles/gpu_objs.dir/cuda_kernels_def_decl/hip/deviceAPI_hip.cc.o
In file included from /home/hpc-i/student10/HemePure_GPU_AMD/src/geometry/BlockTraverser.cc:8:
In file included from /home/hpc-i/student10/HemePure_GPU_AMD/src/geometry/LatticeData.h:18:
In file included from /home/hpc-i/student10/HemePure_GPU_AMD/src/configuration/SimConfig.h:19:
/home/hpc-i/student10/HemePure_GPU_AMD/src/io/xml/XmlAbstractionLayer.h:241:41: warning: 'iterator<std::forward_iterator_tag, hemelb::io::xml::Element>' is deprecated [-Wdeprecated-declarations]
  241 |       class ChildIterator : public std::iterator<std::forward_iterator_tag, Element>
      |                                         ^
/usr/lib/gcc/x86_64-linux-gnu/14/../../../../include/c++/14/bits/stl_iterator_base_types.h:127:12: note: 'iterator<std::forward_iterator_tag, hemelb::io::xml::Element>' has been explicitly marked deprecated here
  127 |     struct _GLIBCXX17_DEPRECATED iterator
      |            ^
/usr/lib/gcc/x86_64-linux-gnu/14/../../../../include/x86_64-linux-gnu/c++/14/bits/c++config.h:123:34: note: expanded from macro '_GLIBCXX17_DEPRECATED'
  123 | # define _GLIBCXX17_DEPRECATED [[__deprecated__]]
      |                                  ^
[ 19%] Building CXX object lb/CMakeFiles/hemelb_lb.dir/iolets/InOutLet.cc.o
[ 20%] Linking CXX static library libhemelb_log.a
[ 20%] Built target hemelb_log
[ 21%] Building CXX object net/CMakeFiles/hemelb_net.dir/MpiCommunicator.cc.o
1 warning generated when compiling for gfx1201.
[ 22%] Building HIP object geometry/CMakeFiles/hemelb_geometry.dir/GeometryReader.cc.o
/home/hpc-i/student10/HemePure_GPU_AMD/src/net/MpiEnvironment.cc:32:9: warning: '~MpiEnvironment' has a non-throwing exception specification but can still throw [-Wexceptions]
   32 |         HEMELB_MPI_CALL(MPI_Finalize, ());
      |         ^
/home/hpc-i/student10/HemePure_GPU_AMD/src/net/MpiError.h:42:5: note: expanded from macro 'HEMELB_MPI_CALL'
   42 |     throw ::hemelb::net::MpiError(#mpiFunc, _check_result, __FILE__, __LINE__); \
      |     ^
/home/hpc-i/student10/HemePure_GPU_AMD/src/net/MpiEnvironment.cc:28:21: note: destructor has a implicit non-throwing exception specification
   28 |     MpiEnvironment::~MpiEnvironment()
      |                     ^
1 warning generated when compiling for gfx1201.
/home/hpc-i/student10/HemePure_GPU_AMD/src/cuda_kernels_def_decl/hip/deviceAPI_hip.cc:98:2: warning: ignoring return value of type 'hipError_t' declared with 'nodiscard' attribute [-Wunused-value]
   98 |         hipStreamSynchronize((hipStream_t)stream);
      |         ^~~~~~~~~~~~~~~~~~~~~~~~~~~~~~~~~~~~~~~~~
/home/hpc-i/student10/HemePure_GPU_AMD/src/cuda_kernels_def_decl/hip/deviceAPI_hip.cc:103:2: warning: ignoring return value of type 'hipError_t' declared with 'nodiscard' attribute [-Wunused-value]
  103 |         hipStreamDestroy((hipStream_t)stream);
      |         ^~~~~~~~~~~~~~~~~~~~~~~~~~~~~~~~~~~~~
/home/hpc-i/student10/HemePure_GPU_AMD/src/cuda_kernels_def_decl/hip/deviceAPI_hip.cc:133:2: warning: ignoring return value of type 'hipError_t' declared with 'nodiscard' attribute [-Wunused-value]
  133 |         hipGetDeviceProperties( &dev_prop, 0);
      |         ^~~~~~~~~~~~~~~~~~~~~~~~~~~~~~~~~~~~~
/opt/rocm/include/hip/hip_runtime_api.h:103:32: note: expanded from macro 'hipGetDeviceProperties'
  103 | #define hipGetDeviceProperties hipGetDevicePropertiesR0600
      |                                ^
/home/hpc-i/student10/HemePure_GPU_AMD/src/cuda_kernels_def_decl/hip/deviceAPI_hip.cc:142:42: warning: format specifies type 'int' but the argument has type 'char *' [-Wformat]
  142 |                 printf("Device name:  AMDGCN GFX%d\n", dev_prop.gcnArchName); // Changed dev_prop.gcnArch to dev_prop.gcnArchName
      |                                                 ~~     ^~~~~~~~~~~~~~~~~~~~
      |                                                 %s
/home/hpc-i/student10/HemePure_GPU_AMD/src/cuda_kernels_def_decl/hip/deviceAPI_hip.cc:162:2: warning: ignoring return value of type 'hipError_t' declared with 'nodiscard' attribute [-Wunused-value]
  162 |         hipGetDeviceCount(&dev_count);
      |         ^~~~~~~~~~~~~~~~~~~~~~~~~~~~~
5 warnings generated when compiling for gfx1201.
[ 22%] Linking CXX static library libhemelb_reporting.a
In file included from /home/hpc-i/student10/HemePure_GPU_AMD/src/configuration/SimConfig.cc:13:
In file included from /home/hpc-i/student10/HemePure_GPU_AMD/src/configuration/SimConfig.h:19:
/home/hpc-i/student10/HemePure_GPU_AMD/src/io/xml/XmlAbstractionLayer.h:241:41: warning: 'iterator<std::forward_iterator_tag, hemelb::io::xml::Element>' is deprecated [-Wdeprecated-declarations]
  241 |       class ChildIterator : public std::iterator<std::forward_iterator_tag, Element>
      |                                         ^
/usr/lib/gcc/x86_64-linux-gnu/14/../../../../include/c++/14/bits/stl_iterator_base_types.h:127:12: note: 'iterator<std::forward_iterator_tag, hemelb::io::xml::Element>' has been explicitly marked deprecated here
  127 |     struct _GLIBCXX17_DEPRECATED iterator
      |            ^
/usr/lib/gcc/x86_64-linux-gnu/14/../../../../include/x86_64-linux-gnu/c++/14/bits/c++config.h:123:34: note: expanded from macro '_GLIBCXX17_DEPRECATED'
  123 | # define _GLIBCXX17_DEPRECATED [[__deprecated__]]
      |                                  ^
In file included from /home/hpc-i/student10/HemePure_GPU_AMD/src/lb/iolets/BoundaryComms.cc:7:
In file included from /home/hpc-i/student10/HemePure_GPU_AMD/src/lb/iolets/BoundaryComms.h:10:
In file included from /home/hpc-i/student10/HemePure_GPU_AMD/src/geometry/LatticeData.h:18:
In file included from /home/hpc-i/student10/HemePure_GPU_AMD/src/configuration/SimConfig.h:19:
/home/hpc-i/student10/HemePure_GPU_AMD/src/io/xml/XmlAbstractionLayer.h:241:41: warning: 'iterator<std::forward_iterator_tag, hemelb::io::xml::Element>' is deprecated [-Wdeprecated-declarations]
  241 |       class ChildIterator : public std::iterator<std::forward_iterator_tag, Element>
      |                                         ^
/usr/lib/gcc/x86_64-linux-gnu/14/../../../../include/c++/14/bits/stl_iterator_base_types.h:127:12: note: 'iterator<std::forward_iterator_tag, hemelb::io::xml::Element>' has been explicitly marked deprecated here
  127 |     struct _GLIBCXX17_DEPRECATED iterator
      |            ^
/usr/lib/gcc/x86_64-linux-gnu/14/../../../../include/x86_64-linux-gnu/c++/14/bits/c++config.h:123:34: note: expanded from macro '_GLIBCXX17_DEPRECATED'
  123 | # define _GLIBCXX17_DEPRECATED [[__deprecated__]]
      |                                  ^
[ 22%] Linking CXX static library libhemelb_util.a
[ 22%] Built target hemelb_reporting
[ 23%] Building CXX object lb/CMakeFiles/hemelb_lb.dir/iolets/InOutLetCosine.cc.o
[ 24%] Building CXX object lb/CMakeFiles/hemelb_lb.dir/iolets/InOutLetFile.cc.o
/home/hpc-i/student10/HemePure_GPU_AMD/src/cuda_kernels_def_decl/hip/deviceAPI_hip.cc:98:2: warning: ignoring return value of type 'hipError_t' declared with 'nodiscard' attribute [-Wunused-value]
   98 |         hipStreamSynchronize((hipStream_t)stream);
      |         ^~~~~~~~~~~~~~~~~~~~~~~~~~~~~~~~~~~~~~~~~
/home/hpc-i/student10/HemePure_GPU_AMD/src/cuda_kernels_def_decl/hip/deviceAPI_hip.cc:103:2: warning: ignoring return value of type 'hipError_t' declared with 'nodiscard' attribute [-Wunused-value]
  103 |         hipStreamDestroy((hipStream_t)stream);
      |         ^~~~~~~~~~~~~~~~~~~~~~~~~~~~~~~~~~~~~
/home/hpc-i/student10/HemePure_GPU_AMD/src/cuda_kernels_def_decl/hip/deviceAPI_hip.cc:133:2: warning: ignoring return value of type 'hipError_t' declared with 'nodiscard' attribute [-Wunused-value]
  133 |         hipGetDeviceProperties( &dev_prop, 0);
      |         ^~~~~~~~~~~~~~~~~~~~~~~~~~~~~~~~~~~~~
/opt/rocm/include/hip/hip_runtime_api.h:103:32: note: expanded from macro 'hipGetDeviceProperties'
  103 | #define hipGetDeviceProperties hipGetDevicePropertiesR0600
      |                                ^
/home/hpc-i/student10/HemePure_GPU_AMD/src/cuda_kernels_def_decl/hip/deviceAPI_hip.cc:142:42: warning: format specifies type 'int' but the argument has type 'char *' [-Wformat]
  142 |                 printf("Device name:  AMDGCN GFX%d\n", dev_prop.gcnArchName); // Changed dev_prop.gcnArch to dev_prop.gcnArchName
      |                                                 ~~     ^~~~~~~~~~~~~~~~~~~~
      |                                                 %s
[ 24%] Building CXX object net/CMakeFiles/hemelb_net.dir/MpiGroup.cc.o
/home/hpc-i/student10/HemePure_GPU_AMD/src/cuda_kernels_def_decl/hip/deviceAPI_hip.cc:162:2: warning: ignoring return value of type 'hipError_t' declared with 'nodiscard' attribute [-Wunused-value]
  162 |         hipGetDeviceCount(&dev_count);
      |         ^~~~~~~~~~~~~~~~~~~~~~~~~~~~~
[ 24%] Built target hemelb_util
[ 25%] Building HIP object geometry/CMakeFiles/hemelb_geometry.dir/GeometrySGMYReader.cc.o
5 warnings generated when compiling for host.
[ 26%] Building CXX object net/CMakeFiles/hemelb_net.dir/MpiFile.cc.o
[ 27%] Building CXX object extraction/CMakeFiles/hemelb_extraction.dir/StraightLineGeometrySelector.cc.o
1 warning generated when compiling for gfx1201.
/home/hpc-i/student10/HemePure_GPU_AMD/src/net/MpiEnvironment.cc:32:9: warning: '~MpiEnvironment' has a non-throwing exception specification but can still throw [-Wexceptions]
   32 |         HEMELB_MPI_CALL(MPI_Finalize, ());
      |         ^
/home/hpc-i/student10/HemePure_GPU_AMD/src/net/MpiError.h:42:5: note: expanded from macro 'HEMELB_MPI_CALL'
   42 |     throw ::hemelb::net::MpiError(#mpiFunc, _check_result, __FILE__, __LINE__); \
      |     ^
/home/hpc-i/student10/HemePure_GPU_AMD/src/net/MpiEnvironment.cc:28:21: note: destructor has a implicit non-throwing exception specification
   28 |     MpiEnvironment::~MpiEnvironment()
      |                     ^
1 warning generated when compiling for host.
In file included from /home/hpc-i/student10/HemePure_GPU_AMD/src/geometry/BlockTraverserWithVisitedBlockTracker.cc:8:
In file included from /home/hpc-i/student10/HemePure_GPU_AMD/src/geometry/LatticeData.h:18:
In file included from /home/hpc-i/student10/HemePure_GPU_AMD/src/configuration/SimConfig.h:19:
/home/hpc-i/student10/HemePure_GPU_AMD/src/io/xml/XmlAbstractionLayer.h:241:41: warning: 'iterator<std::forward_iterator_tag, hemelb::io::xml::Element>' is deprecated [-Wdeprecated-declarations]
  241 |       class ChildIterator : public std::iterator<std::forward_iterator_tag, Element>
      |                                         ^
/usr/lib/gcc/x86_64-linux-gnu/14/../../../../include/c++/14/bits/stl_iterator_base_types.h:127:12: note: 'iterator<std::forward_iterator_tag, hemelb::io::xml::Element>' has been explicitly marked deprecated here
  127 |     struct _GLIBCXX17_DEPRECATED iterator
      |            ^
/usr/lib/gcc/x86_64-linux-gnu/14/../../../../include/x86_64-linux-gnu/c++/14/bits/c++config.h:123:34: note: expanded from macro '_GLIBCXX17_DEPRECATED'
  123 | # define _GLIBCXX17_DEPRECATED [[__deprecated__]]
      |                                  ^
[ 28%] Building CXX object io/CMakeFiles/hemelb_io.dir/PathManager.cc.o
In file included from /home/hpc-i/student10/HemePure_GPU_AMD/src/lb/iolets/BoundaryValues.cc:7:
In file included from /home/hpc-i/student10/HemePure_GPU_AMD/src/lb/iolets/BoundaryValues.h:13:
In file included from /home/hpc-i/student10/HemePure_GPU_AMD/src/geometry/LatticeData.h:18:
In file included from /home/hpc-i/student10/HemePure_GPU_AMD/src/configuration/SimConfig.h:19:
/home/hpc-i/student10/HemePure_GPU_AMD/src/io/xml/XmlAbstractionLayer.h:241:41: warning: 'iterator<std::forward_iterator_tag, hemelb::io::xml::Element>' is deprecated [-Wdeprecated-declarations]
  241 |       class ChildIterator : public std::iterator<std::forward_iterator_tag, Element>
      |                                         ^
/usr/lib/gcc/x86_64-linux-gnu/14/../../../../include/c++/14/bits/stl_iterator_base_types.h:127:12: note: 'iterator<std::forward_iterator_tag, hemelb::io::xml::Element>' has been explicitly marked deprecated here
  127 |     struct _GLIBCXX17_DEPRECATED iterator
      |            ^
/usr/lib/gcc/x86_64-linux-gnu/14/../../../../include/x86_64-linux-gnu/c++/14/bits/c++config.h:123:34: note: expanded from macro '_GLIBCXX17_DEPRECATED'
  123 | # define _GLIBCXX17_DEPRECATED [[__deprecated__]]
      |                                  ^
1 warning generated when compiling for gfx1201.
1 warning generated when compiling for gfx1201.
1 warning generated when compiling for gfx1201.
In file included from /home/hpc-i/student10/HemePure_GPU_AMD/src/SimulationMaster.cu:6:
In file included from /home/hpc-i/student10/HemePure_GPU_AMD/src/SimulationMaster.h:11:
/home/hpc-i/student10/HemePure_GPU_AMD/src/lb/lb.hpp:7123:121: warning: format specifies type 'int' but the argument has type 'LatticeTimeStep' (aka 'unsigned long') [-Wformat]
 7123 |                                                         fprintf(stderr,"deviceHostAlloc (pinned mem) for h_ghostDensity_inlet failed... Rank = %d, Time = %d \n", myPiD, mState->GetTimeStep());
      |                                                                                                                                                           ~~             ^~~~~~~~~~~~~~~~~~~~~
      |                                                                                                                                                           %lu
/home/hpc-i/student10/HemePure_GPU_AMD/src/lb/lb.hpp:9149:22: note: in instantiation of member function 'hemelb::lb::LBM<hemelb::lb::lattices::D3Q19>::PreSend' requested here
 9149 |                         LBM<LatticeType>::~LBM()
      |                                           ^
/home/hpc-i/student10/HemePure_GPU_AMD/src/SimulationMaster.cu:94:2: note: in instantiation of member function 'hemelb::lb::LBM<hemelb::lb::lattices::D3Q19>::~LBM' requested here
   94 |         delete latticeBoltzmannModel;
      |         ^
In file included from /home/hpc-i/student10/HemePure_GPU_AMD/src/SimulationMaster.cu:6:
In file included from /home/hpc-i/student10/HemePure_GPU_AMD/src/SimulationMaster.h:11:
/home/hpc-i/student10/HemePure_GPU_AMD/src/lb/lb.hpp:7197:121: warning: format specifies type 'int' but the argument has type 'LatticeTimeStep' (aka 'unsigned long') [-Wformat]
 7197 |                                                         fprintf(stderr,"deviceHostAlloc (pinned mem) for h_ghostDensity_inlet outlet... Rank = %d, Time = %d \n", myPiD, mState->GetTimeStep());
      |                                                                                                                                                           ~~             ^~~~~~~~~~~~~~~~~~~~~
      |                                                                                                                                                           %lu
5 warnings and 6 errors generated when compiling for gfx1201.
gmake[2]: *** [CMakeFiles/gpu_objs.dir/build.make:75: CMakeFiles/gpu_objs.dir/SimulationMaster.cu.o] Error 1
gmake[1]: *** [CMakeFiles/Makefile2:288: CMakeFiles/gpu_objs.dir/all] Error 2
gmake[1]: *** Waiting for unfinished jobs....
[ 28%] Building CXX object io/CMakeFiles/hemelb_io.dir/writers/xdr/XdrVectorWriter.cc.o
In file included from /home/hpc-i/student10/HemePure_GPU_AMD/src/lb/iolets/BoundaryComms.cc:7:
In file included from /home/hpc-i/student10/HemePure_GPU_AMD/src/lb/iolets/BoundaryComms.h:10:
In file included from /home/hpc-i/student10/HemePure_GPU_AMD/src/geometry/LatticeData.h:18:
In file included from /home/hpc-i/student10/HemePure_GPU_AMD/src/configuration/SimConfig.h:19:
/home/hpc-i/student10/HemePure_GPU_AMD/src/io/xml/XmlAbstractionLayer.h:241:41: warning: 'iterator<std::forward_iterator_tag, hemelb::io::xml::Element>' is deprecated [-Wdeprecated-declarations]
  241 |       class ChildIterator : public std::iterator<std::forward_iterator_tag, Element>
      |                                         ^
/usr/lib/gcc/x86_64-linux-gnu/14/../../../../include/c++/14/bits/stl_iterator_base_types.h:127:12: note: 'iterator<std::forward_iterator_tag, hemelb::io::xml::Element>' has been explicitly marked deprecated here
  127 |     struct _GLIBCXX17_DEPRECATED iterator
      |            ^
/usr/lib/gcc/x86_64-linux-gnu/14/../../../../include/x86_64-linux-gnu/c++/14/bits/c++config.h:123:34: note: expanded from macro '_GLIBCXX17_DEPRECATED'
  123 | # define _GLIBCXX17_DEPRECATED [[__deprecated__]]
      |                                  ^
1 warning generated when compiling for host.
[ 29%] Building CXX object lb/CMakeFiles/hemelb_lb.dir/iolets/InOutLetVelocity.cc.o
[ 29%] Building CXX object lb/CMakeFiles/hemelb_lb.dir/iolets/InOutLetParabolicVelocity.cc.o
[ 29%] Building CXX object extraction/CMakeFiles/hemelb_extraction.dir/LocalPropertyOutput.cc.o
In file included from /home/hpc-i/student10/HemePure_GPU_AMD/src/lb/iolets/BoundaryValues.cc:7:
In file included from /home/hpc-i/student10/HemePure_GPU_AMD/src/lb/iolets/BoundaryValues.h:13:
In file included from /home/hpc-i/student10/HemePure_GPU_AMD/src/geometry/LatticeData.h:18:
In file included from /home/hpc-i/student10/HemePure_GPU_AMD/src/configuration/SimConfig.h:19:
/home/hpc-i/student10/HemePure_GPU_AMD/src/io/xml/XmlAbstractionLayer.h:241:41: warning: 'iterator<std::forward_iterator_tag, hemelb::io::xml::Element>' is deprecated [-Wdeprecated-declarations]
  241 |       class ChildIterator : public std::iterator<std::forward_iterator_tag, Element>
      |                                         ^
/usr/lib/gcc/x86_64-linux-gnu/14/../../../../include/c++/14/bits/stl_iterator_base_types.h:127:12: note: 'iterator<std::forward_iterator_tag, hemelb::io::xml::Element>' has been explicitly marked deprecated here
  127 |     struct _GLIBCXX17_DEPRECATED iterator
      |            ^
/usr/lib/gcc/x86_64-linux-gnu/14/../../../../include/x86_64-linux-gnu/c++/14/bits/c++config.h:123:34: note: expanded from macro '_GLIBCXX17_DEPRECATED'
  123 | # define _GLIBCXX17_DEPRECATED [[__deprecated__]]
      |                                  ^
[ 29%] Building HIP object geometry/CMakeFiles/hemelb_geometry.dir/LatticeData.cc.o
In file included from /home/hpc-i/student10/HemePure_GPU_AMD/src/geometry/BlockTraverser.cc:8:
In file included from /home/hpc-i/student10/HemePure_GPU_AMD/src/geometry/LatticeData.h:18:
In file included from /home/hpc-i/student10/HemePure_GPU_AMD/src/configuration/SimConfig.h:19:
/home/hpc-i/student10/HemePure_GPU_AMD/src/io/xml/XmlAbstractionLayer.h:241:41: warning: 'iterator<std::forward_iterator_tag, hemelb::io::xml::Element>' is deprecated [-Wdeprecated-declarations]
  241 |       class ChildIterator : public std::iterator<std::forward_iterator_tag, Element>
      |                                         ^
/usr/lib/gcc/x86_64-linux-gnu/14/../../../../include/c++/14/bits/stl_iterator_base_types.h:127:12: note: 'iterator<std::forward_iterator_tag, hemelb::io::xml::Element>' has been explicitly marked deprecated here
  127 |     struct _GLIBCXX17_DEPRECATED iterator
      |            ^
/usr/lib/gcc/x86_64-linux-gnu/14/../../../../include/x86_64-linux-gnu/c++/14/bits/c++config.h:123:34: note: expanded from macro '_GLIBCXX17_DEPRECATED'
  123 | # define _GLIBCXX17_DEPRECATED [[__deprecated__]]
      |                                  ^
In file included from /home/hpc-i/student10/HemePure_GPU_AMD/src/configuration/SimConfig.cc:13:
In file included from /home/hpc-i/student10/HemePure_GPU_AMD/src/configuration/SimConfig.h:19:
/home/hpc-i/student10/HemePure_GPU_AMD/src/io/xml/XmlAbstractionLayer.h:241:41: warning: 'iterator<std::forward_iterator_tag, hemelb::io::xml::Element>' is deprecated [-Wdeprecated-declarations]
  241 |       class ChildIterator : public std::iterator<std::forward_iterator_tag, Element>
      |                                         ^
/usr/lib/gcc/x86_64-linux-gnu/14/../../../../include/c++/14/bits/stl_iterator_base_types.h:127:12: note: 'iterator<std::forward_iterator_tag, hemelb::io::xml::Element>' has been explicitly marked deprecated here
  127 |     struct _GLIBCXX17_DEPRECATED iterator
      |            ^
/usr/lib/gcc/x86_64-linux-gnu/14/../../../../include/x86_64-linux-gnu/c++/14/bits/c++config.h:123:34: note: expanded from macro '_GLIBCXX17_DEPRECATED'
  123 | # define _GLIBCXX17_DEPRECATED [[__deprecated__]]
      |                                  ^
1 warning generated when compiling for host.
[ 30%] Building CXX object extraction/CMakeFiles/hemelb_extraction.dir/IterableDataSource.cc.o
[ 31%] Building CXX object extraction/CMakeFiles/hemelb_extraction.dir/PlaneGeometrySelector.cc.o
In file included from /home/hpc-i/student10/HemePure_GPU_AMD/src/geometry/BlockTraverserWithVisitedBlockTracker.cc:8:
In file included from /home/hpc-i/student10/HemePure_GPU_AMD/src/geometry/LatticeData.h:18:
In file included from /home/hpc-i/student10/HemePure_GPU_AMD/src/configuration/SimConfig.h:19:
/home/hpc-i/student10/HemePure_GPU_AMD/src/io/xml/XmlAbstractionLayer.h:241:41: warning: 'iterator<std::forward_iterator_tag, hemelb::io::xml::Element>' is deprecated [-Wdeprecated-declarations]
  241 |       class ChildIterator : public std::iterator<std::forward_iterator_tag, Element>
      |                                         ^
/usr/lib/gcc/x86_64-linux-gnu/14/../../../../include/c++/14/bits/stl_iterator_base_types.h:127:12: note: 'iterator<std::forward_iterator_tag, hemelb::io::xml::Element>' has been explicitly marked deprecated here
  127 |     struct _GLIBCXX17_DEPRECATED iterator
      |            ^
/usr/lib/gcc/x86_64-linux-gnu/14/../../../../include/x86_64-linux-gnu/c++/14/bits/c++config.h:123:34: note: expanded from macro '_GLIBCXX17_DEPRECATED'
  123 | # define _GLIBCXX17_DEPRECATED [[__deprecated__]]
      |                                  ^
[ 32%] Building CXX object net/CMakeFiles/hemelb_net.dir/IteratedAction.cc.o
[ 33%] Building CXX object geometry/CMakeFiles/hemelb_geometry.dir/SiteData.cc.o
[ 34%] Building CXX object geometry/CMakeFiles/hemelb_geometry.dir/SiteDataBare.cc.o
1 warning generated when compiling for host.
[ 35%] Building HIP object geometry/CMakeFiles/hemelb_geometry.dir/SiteTraverser.cc.o
[ 35%] Building CXX object geometry/CMakeFiles/hemelb_geometry.dir/VolumeTraverser.cc.o
1 warning generated when compiling for host.
[ 36%] Building CXX object geometry/CMakeFiles/hemelb_geometry.dir/decomposition/BasicDecomposition.cc.o
1 warning generated when compiling for host.
[ 37%] Linking HIP static library libhemelb_configuration.a
[ 38%] Building CXX object io/CMakeFiles/hemelb_io.dir/writers/ascii/AsciiFileWriter.cc.o
In file included from /home/hpc-i/student10/HemePure_GPU_AMD/src/geometry/LatticeData.cc:13:
In file included from /home/hpc-i/student10/HemePure_GPU_AMD/src/geometry/LatticeData.h:18:
In file included from /home/hpc-i/student10/HemePure_GPU_AMD/src/configuration/SimConfig.h:19:
/home/hpc-i/student10/HemePure_GPU_AMD/src/io/xml/XmlAbstractionLayer.h:241:41: warning: 'iterator<std::forward_iterator_tag, hemelb::io::xml::Element>' is deprecated [-Wdeprecated-declarations]
  241 |       class ChildIterator : public std::iterator<std::forward_iterator_tag, Element>
      |                                         ^
/usr/lib/gcc/x86_64-linux-gnu/14/../../../../include/c++/14/bits/stl_iterator_base_types.h:127:12: note: 'iterator<std::forward_iterator_tag, hemelb::io::xml::Element>' has been explicitly marked deprecated here
  127 |     struct _GLIBCXX17_DEPRECATED iterator
      |            ^
/usr/lib/gcc/x86_64-linux-gnu/14/../../../../include/x86_64-linux-gnu/c++/14/bits/c++config.h:123:34: note: expanded from macro '_GLIBCXX17_DEPRECATED'
  123 | # define _GLIBCXX17_DEPRECATED [[__deprecated__]]
      |                                  ^
[ 39%] Building CXX object lb/CMakeFiles/hemelb_lb.dir/iolets/InOutLetWomersleyVelocity.cc.o
[ 39%] Built target hemelb_configuration
[ 40%] Building CXX object net/CMakeFiles/hemelb_net.dir/IOCommunicator.cc.o
[ 41%] Building HIP object geometry/CMakeFiles/hemelb_geometry.dir/decomposition/OptimisedDecomposition.cc.o
[ 42%] Building HIP object geometry/CMakeFiles/hemelb_geometry.dir/needs/Needs.cc.o
[ 43%] Building HIP object extraction/CMakeFiles/hemelb_extraction.dir/PropertyActor.cc.o
1 warning generated when compiling for gfx1201.
[ 43%] Building HIP object geometry/CMakeFiles/hemelb_geometry.dir/neighbouring/NeighbouringDataManager.cc.o
[ 44%] Building CXX object lb/CMakeFiles/hemelb_lb.dir/iolets/InOutLetFileVelocity.cc.o
[ 45%] Building HIP object lb/CMakeFiles/hemelb_lb.dir/IncompressibilityChecker.cc.o
In file included from /home/hpc-i/student10/HemePure_GPU_AMD/src/geometry/SiteTraverser.cc:7:
In file included from /home/hpc-i/student10/HemePure_GPU_AMD/src/geometry/LatticeData.h:18:
In file included from /home/hpc-i/student10/HemePure_GPU_AMD/src/configuration/SimConfig.h:19:
/home/hpc-i/student10/HemePure_GPU_AMD/src/io/xml/XmlAbstractionLayer.h:241:41: warning: 'iterator<std::forward_iterator_tag, hemelb::io::xml::Element>' is deprecated [-Wdeprecated-declarations]
  241 |       class ChildIterator : public std::iterator<std::forward_iterator_tag, Element>
      |                                         ^
/usr/lib/gcc/x86_64-linux-gnu/14/../../../../include/c++/14/bits/stl_iterator_base_types.h:127:12: note: 'iterator<std::forward_iterator_tag, hemelb::io::xml::Element>' has been explicitly marked deprecated here
  127 |     struct _GLIBCXX17_DEPRECATED iterator
      |            ^
/usr/lib/gcc/x86_64-linux-gnu/14/../../../../include/x86_64-linux-gnu/c++/14/bits/c++config.h:123:34: note: expanded from macro '_GLIBCXX17_DEPRECATED'
  123 | # define _GLIBCXX17_DEPRECATED [[__deprecated__]]
      |                                  ^
[ 46%] Building CXX object geometry/CMakeFiles/hemelb_geometry.dir/neighbouring/NeighbouringLatticeData.cc.o
[ 47%] Building CXX object extraction/CMakeFiles/hemelb_extraction.dir/PropertyWriter.cc.o
[ 48%] Building HIP object net/CMakeFiles/hemelb_net.dir/mixins/pointpoint/CoalescePointPoint.cc.o
[ 48%] Building HIP object net/CMakeFiles/hemelb_net.dir/mixins/pointpoint/SeparatedPointPoint.cc.o
1 warning generated when compiling for gfx1201.
In file included from /home/hpc-i/student10/HemePure_GPU_AMD/src/geometry/LatticeData.cc:13:
In file included from /home/hpc-i/student10/HemePure_GPU_AMD/src/geometry/LatticeData.h:18:
In file included from /home/hpc-i/student10/HemePure_GPU_AMD/src/configuration/SimConfig.h:19:
/home/hpc-i/student10/HemePure_GPU_AMD/src/io/xml/XmlAbstractionLayer.h:241:41: warning: 'iterator<std::forward_iterator_tag, hemelb::io::xml::Element>' is deprecated [-Wdeprecated-declarations]
  241 |       class ChildIterator : public std::iterator<std::forward_iterator_tag, Element>
      |                                         ^
/usr/lib/gcc/x86_64-linux-gnu/14/../../../../include/c++/14/bits/stl_iterator_base_types.h:127:12: note: 'iterator<std::forward_iterator_tag, hemelb::io::xml::Element>' has been explicitly marked deprecated here
  127 |     struct _GLIBCXX17_DEPRECATED iterator
      |            ^
/usr/lib/gcc/x86_64-linux-gnu/14/../../../../include/x86_64-linux-gnu/c++/14/bits/c++config.h:123:34: note: expanded from macro '_GLIBCXX17_DEPRECATED'
  123 | # define _GLIBCXX17_DEPRECATED [[__deprecated__]]
      |                                  ^
In file included from /home/hpc-i/student10/HemePure_GPU_AMD/src/extraction/PropertyActor.cc:7:
In file included from /home/hpc-i/student10/HemePure_GPU_AMD/src/extraction/PropertyActor.h:11:
In file included from /home/hpc-i/student10/HemePure_GPU_AMD/src/io/PathManager.h:14:
In file included from /home/hpc-i/student10/HemePure_GPU_AMD/src/configuration/SimConfig.h:19:
/home/hpc-i/student10/HemePure_GPU_AMD/src/io/xml/XmlAbstractionLayer.h:241:41: warning: 'iterator<std::forward_iterator_tag, hemelb::io::xml::Element>' is deprecated [-Wdeprecated-declarations]
  241 |       class ChildIterator : public std::iterator<std::forward_iterator_tag, Element>
      |                                         ^
/usr/lib/gcc/x86_64-linux-gnu/14/../../../../include/c++/14/bits/stl_iterator_base_types.h:127:12: note: 'iterator<std::forward_iterator_tag, hemelb::io::xml::Element>' has been explicitly marked deprecated here
  127 |     struct _GLIBCXX17_DEPRECATED iterator
      |            ^
/usr/lib/gcc/x86_64-linux-gnu/14/../../../../include/x86_64-linux-gnu/c++/14/bits/c++config.h:123:34: note: expanded from macro '_GLIBCXX17_DEPRECATED'
  123 | # define _GLIBCXX17_DEPRECATED [[__deprecated__]]
      |                                  ^
In file included from /home/hpc-i/student10/HemePure_GPU_AMD/src/geometry/neighbouring/NeighbouringDataManager.cc:9:
In file included from /home/hpc-i/student10/HemePure_GPU_AMD/src/geometry/neighbouring/NeighbouringDataManager.h:10:
In file included from /home/hpc-i/student10/HemePure_GPU_AMD/src/geometry/LatticeData.h:18:
In file included from /home/hpc-i/student10/HemePure_GPU_AMD/src/configuration/SimConfig.h:19:
/home/hpc-i/student10/HemePure_GPU_AMD/src/io/xml/XmlAbstractionLayer.h:241:41: warning: 'iterator<std::forward_iterator_tag, hemelb::io::xml::Element>' is deprecated [-Wdeprecated-declarations]
  241 |       class ChildIterator : public std::iterator<std::forward_iterator_tag, Element>
      |                                         ^
/usr/lib/gcc/x86_64-linux-gnu/14/../../../../include/c++/14/bits/stl_iterator_base_types.h:127:12: note: 'iterator<std::forward_iterator_tag, hemelb::io::xml::Element>' has been explicitly marked deprecated here
  127 |     struct _GLIBCXX17_DEPRECATED iterator
      |            ^
/usr/lib/gcc/x86_64-linux-gnu/14/../../../../include/x86_64-linux-gnu/c++/14/bits/c++config.h:123:34: note: expanded from macro '_GLIBCXX17_DEPRECATED'
  123 | # define _GLIBCXX17_DEPRECATED [[__deprecated__]]
      |                                  ^
[ 49%] Building CXX object lb/CMakeFiles/hemelb_lb.dir/kernels/momentBasis/DHumieresD3Q15MRTBasis.cc.o
In file included from /home/hpc-i/student10/HemePure_GPU_AMD/src/lb/IncompressibilityChecker.cc:8:
In file included from /home/hpc-i/student10/HemePure_GPU_AMD/src/lb/IncompressibilityChecker.hpp:10:
In file included from /home/hpc-i/student10/HemePure_GPU_AMD/src/lb/IncompressibilityChecker.h:10:
In file included from /home/hpc-i/student10/HemePure_GPU_AMD/src/geometry/LatticeData.h:18:
In file included from /home/hpc-i/student10/HemePure_GPU_AMD/src/configuration/SimConfig.h:19:
/home/hpc-i/student10/HemePure_GPU_AMD/src/io/xml/XmlAbstractionLayer.h:241:41: warning: 'iterator<std::forward_iterator_tag, hemelb::io::xml::Element>' is deprecated [-Wdeprecated-declarations]
  241 |       class ChildIterator : public std::iterator<std::forward_iterator_tag, Element>
      |                                         ^
/usr/lib/gcc/x86_64-linux-gnu/14/../../../../include/c++/14/bits/stl_iterator_base_types.h:127:12: note: 'iterator<std::forward_iterator_tag, hemelb::io::xml::Element>' has been explicitly marked deprecated here
  127 |     struct _GLIBCXX17_DEPRECATED iterator
      |            ^
/usr/lib/gcc/x86_64-linux-gnu/14/../../../../include/x86_64-linux-gnu/c++/14/bits/c++config.h:123:34: note: expanded from macro '_GLIBCXX17_DEPRECATED'
  123 | # define _GLIBCXX17_DEPRECATED [[__deprecated__]]
      |                                  ^
1 warning generated when compiling for host.
[ 50%] Building CXX object io/CMakeFiles/hemelb_io.dir/writers/ascii/AsciiStreamWriter.cc.o
[ 51%] Building CXX object io/CMakeFiles/hemelb_io.dir/writers/xdr/XdrFileReader.cc.o
1 warning generated when compiling for gfx1201.
[ 51%] Building CXX object lb/CMakeFiles/hemelb_lb.dir/kernels/momentBasis/DHumieresD3Q19MRTBasis.cc.o
1 warning generated when compiling for gfx1201.
1 warning generated when compiling for gfx1201.
[ 52%] Building CXX object geometry/CMakeFiles/hemelb_geometry.dir/neighbouring/RequiredSiteInformation.cc.o
In file included from /home/hpc-i/student10/HemePure_GPU_AMD/src/extraction/PropertyActor.cc:7:
In file included from /home/hpc-i/student10/HemePure_GPU_AMD/src/extraction/PropertyActor.h:11:
In file included from /home/hpc-i/student10/HemePure_GPU_AMD/src/io/PathManager.h:14:
In file included from /home/hpc-i/student10/HemePure_GPU_AMD/src/configuration/SimConfig.h:19:
/home/hpc-i/student10/HemePure_GPU_AMD/src/io/xml/XmlAbstractionLayer.h:241:41: warning: 'iterator<std::forward_iterator_tag, hemelb::io::xml::Element>' is deprecated [-Wdeprecated-declarations]
  241 |       class ChildIterator : public std::iterator<std::forward_iterator_tag, Element>
      |                                         ^
/usr/lib/gcc/x86_64-linux-gnu/14/../../../../include/c++/14/bits/stl_iterator_base_types.h:127:12: note: 'iterator<std::forward_iterator_tag, hemelb::io::xml::Element>' has been explicitly marked deprecated here
  127 |     struct _GLIBCXX17_DEPRECATED iterator
      |            ^
/usr/lib/gcc/x86_64-linux-gnu/14/../../../../include/x86_64-linux-gnu/c++/14/bits/c++config.h:123:34: note: expanded from macro '_GLIBCXX17_DEPRECATED'
  123 | # define _GLIBCXX17_DEPRECATED [[__deprecated__]]
      |                                  ^
[ 53%] Building HIP object net/CMakeFiles/hemelb_net.dir/mixins/pointpoint/ImmediatePointPoint.cc.o
In file included from /home/hpc-i/student10/HemePure_GPU_AMD/src/geometry/SiteTraverser.cc:7:
In file included from /home/hpc-i/student10/HemePure_GPU_AMD/src/geometry/LatticeData.h:18:
In file included from /home/hpc-i/student10/HemePure_GPU_AMD/src/configuration/SimConfig.h:19:
/home/hpc-i/student10/HemePure_GPU_AMD/src/io/xml/XmlAbstractionLayer.h:241:41: warning: 'iterator<std::forward_iterator_tag, hemelb::io::xml::Element>' is deprecated [-Wdeprecated-declarations]
  241 |       class ChildIterator : public std::iterator<std::forward_iterator_tag, Element>
      |                                         ^
/usr/lib/gcc/x86_64-linux-gnu/14/../../../../include/c++/14/bits/stl_iterator_base_types.h:127:12: note: 'iterator<std::forward_iterator_tag, hemelb::io::xml::Element>' has been explicitly marked deprecated here
  127 |     struct _GLIBCXX17_DEPRECATED iterator
      |            ^
/usr/lib/gcc/x86_64-linux-gnu/14/../../../../include/x86_64-linux-gnu/c++/14/bits/c++config.h:123:34: note: expanded from macro '_GLIBCXX17_DEPRECATED'
  123 | # define _GLIBCXX17_DEPRECATED [[__deprecated__]]
      |                                  ^
[ 54%] Building CXX object lb/CMakeFiles/hemelb_lb.dir/kernels/rheologyModels/AbstractRheologyModel.cc.o
In file included from /home/hpc-i/student10/HemePure_GPU_AMD/src/lb/IncompressibilityChecker.cc:8:
In file included from /home/hpc-i/student10/HemePure_GPU_AMD/src/lb/IncompressibilityChecker.hpp:10:
In file included from /home/hpc-i/student10/HemePure_GPU_AMD/src/lb/IncompressibilityChecker.h:10:
In file included from /home/hpc-i/student10/HemePure_GPU_AMD/src/geometry/LatticeData.h:18:
In file included from /home/hpc-i/student10/HemePure_GPU_AMD/src/configuration/SimConfig.h:19:
/home/hpc-i/student10/HemePure_GPU_AMD/src/io/xml/XmlAbstractionLayer.h:241:41: warning: 'iterator<std::forward_iterator_tag, hemelb::io::xml::Element>' is deprecated [-Wdeprecated-declarations]
  241 |       class ChildIterator : public std::iterator<std::forward_iterator_tag, Element>
      |                                         ^
/usr/lib/gcc/x86_64-linux-gnu/14/../../../../include/c++/14/bits/stl_iterator_base_types.h:127:12: note: 'iterator<std::forward_iterator_tag, hemelb::io::xml::Element>' has been explicitly marked deprecated here
  127 |     struct _GLIBCXX17_DEPRECATED iterator
      |            ^
/usr/lib/gcc/x86_64-linux-gnu/14/../../../../include/x86_64-linux-gnu/c++/14/bits/c++config.h:123:34: note: expanded from macro '_GLIBCXX17_DEPRECATED'
  123 | # define _GLIBCXX17_DEPRECATED [[__deprecated__]]
      |                                  ^
[ 55%] Building CXX object lb/CMakeFiles/hemelb_lb.dir/kernels/rheologyModels/CarreauYasudaRheologyModel.cc.o
[ 55%] Building CXX object extraction/CMakeFiles/hemelb_extraction.dir/InletSelector.cc.o
[ 55%] Building CXX object io/CMakeFiles/hemelb_io.dir/writers/xdr/XdrFileWriter.cc.o
1 warning generated when compiling for host.
[ 56%] Building CXX object io/CMakeFiles/hemelb_io.dir/writers/xdr/XdrMemReader.cc.o
[ 57%] Building CXX object extraction/CMakeFiles/hemelb_extraction.dir/OutletSelector.cc.o
1 warning generated when compiling for host.
[ 58%] Building CXX object io/CMakeFiles/hemelb_io.dir/writers/xdr/XdrMemWriter.cc.o
[ 59%] Building CXX object io/CMakeFiles/hemelb_io.dir/writers/xdr/XdrReader.cc.o
[ 60%] Building CXX object extraction/CMakeFiles/hemelb_extraction.dir/WholeGeometrySelector.cc.o
1 warning generated when compiling for host.
[ 61%] Building CXX object lb/CMakeFiles/hemelb_lb.dir/kernels/rheologyModels/CassonRheologyModel.cc.o
[ 62%] Building HIP object net/CMakeFiles/hemelb_net.dir/mixins/gathers/SeparatedGathers.cc.o
In file included from /home/hpc-i/student10/HemePure_GPU_AMD/src/geometry/neighbouring/NeighbouringDataManager.cc:9:
In file included from /home/hpc-i/student10/HemePure_GPU_AMD/src/geometry/neighbouring/NeighbouringDataManager.h:10:
In file included from /home/hpc-i/student10/HemePure_GPU_AMD/src/geometry/LatticeData.h:18:
In file included from /home/hpc-i/student10/HemePure_GPU_AMD/src/configuration/SimConfig.h:19:
/home/hpc-i/student10/HemePure_GPU_AMD/src/io/xml/XmlAbstractionLayer.h:241:41: warning: 'iterator<std::forward_iterator_tag, hemelb::io::xml::Element>' is deprecated [-Wdeprecated-declarations]
  241 |       class ChildIterator : public std::iterator<std::forward_iterator_tag, Element>
      |                                         ^
/usr/lib/gcc/x86_64-linux-gnu/14/../../../../include/c++/14/bits/stl_iterator_base_types.h:127:12: note: 'iterator<std::forward_iterator_tag, hemelb::io::xml::Element>' has been explicitly marked deprecated here
  127 |     struct _GLIBCXX17_DEPRECATED iterator
      |            ^
/usr/lib/gcc/x86_64-linux-gnu/14/../../../../include/x86_64-linux-gnu/c++/14/bits/c++config.h:123:34: note: expanded from macro '_GLIBCXX17_DEPRECATED'
  123 | # define _GLIBCXX17_DEPRECATED [[__deprecated__]]
      |                                  ^
[ 63%] Building HIP object net/CMakeFiles/hemelb_net.dir/mixins/gathers/ViaPointPointGathers.cc.o
1 warning generated when compiling for host.
[ 63%] Building CXX object lb/CMakeFiles/hemelb_lb.dir/kernels/rheologyModels/TruncatedPowerLawRheologyModel.cc.o
[ 64%] Building CXX object lb/CMakeFiles/hemelb_lb.dir/lattices/LatticeInfo.cc.o
[ 65%] Building CXX object lb/CMakeFiles/hemelb_lb.dir/lattices/D3Q15.cc.o
[ 66%] Building HIP object extraction/CMakeFiles/hemelb_extraction.dir/LbDataSourceIterator.cc.o
[ 66%] Building CXX object io/CMakeFiles/hemelb_io.dir/writers/xdr/XdrWriter.cc.o
[ 66%] Building HIP object net/CMakeFiles/hemelb_net.dir/mixins/alltoall/SeparatedAllToAll.cc.o
[ 67%] Linking HIP static library libhemelb_geometry.a
[ 68%] Building CXX object io/CMakeFiles/hemelb_io.dir/writers/null/NullWriter.cc.o
[ 69%] Building CXX object io/CMakeFiles/hemelb_io.dir/writers/Writer.cc.o
[ 69%] Building CXX object extraction/CMakeFiles/hemelb_extraction.dir/GeometrySurfaceSelector.cc.o
[ 69%] Built target hemelb_geometry
[ 70%] Building CXX object extraction/CMakeFiles/hemelb_extraction.dir/SurfacePointSelector.cc.o
[ 71%] Building HIP object net/CMakeFiles/hemelb_net.dir/mixins/alltoall/ViaPointPointAllToAll.cc.o
[ 72%] Building HIP object net/CMakeFiles/hemelb_net.dir/mixins/StoringNet.cc.o
[ 73%] Building CXX object lb/CMakeFiles/hemelb_lb.dir/lattices/D3Q19.cc.o
[ 74%] Building CXX object lb/CMakeFiles/hemelb_lb.dir/lattices/D3Q27.cc.o
[ 74%] Building CXX object io/CMakeFiles/hemelb_io.dir/formats/geometry.cc.o
[ 75%] Building CXX object net/CMakeFiles/hemelb_net.dir/ProcComms.cc.o
In file included from /home/hpc-i/student10/HemePure_GPU_AMD/src/extraction/LbDataSourceIterator.cc:7:
In file included from /home/hpc-i/student10/HemePure_GPU_AMD/src/extraction/LbDataSourceIterator.h:11:
In file included from /home/hpc-i/student10/HemePure_GPU_AMD/src/geometry/LatticeData.h:18:
In file included from /home/hpc-i/student10/HemePure_GPU_AMD/src/configuration/SimConfig.h:19:
/home/hpc-i/student10/HemePure_GPU_AMD/src/io/xml/XmlAbstractionLayer.h:241:41: warning: 'iterator<std::forward_iterator_tag, hemelb::io::xml::Element>' is deprecated [-Wdeprecated-declarations]
  241 |       class ChildIterator : public std::iterator<std::forward_iterator_tag, Element>
      |                                         ^
/usr/lib/gcc/x86_64-linux-gnu/14/../../../../include/c++/14/bits/stl_iterator_base_types.h:127:12: note: 'iterator<std::forward_iterator_tag, hemelb::io::xml::Element>' has been explicitly marked deprecated here
  127 |     struct _GLIBCXX17_DEPRECATED iterator
      |            ^
/usr/lib/gcc/x86_64-linux-gnu/14/../../../../include/x86_64-linux-gnu/c++/14/bits/c++config.h:123:34: note: expanded from macro '_GLIBCXX17_DEPRECATED'
  123 | # define _GLIBCXX17_DEPRECATED [[__deprecated__]]
      |                                  ^
[ 76%] Building CXX object lb/CMakeFiles/hemelb_lb.dir/lattices/D3Q15i.cc.o
[ 77%] Building HIP object lb/CMakeFiles/hemelb_lb.dir/MacroscopicPropertyCache.cc.o
1 warning generated when compiling for gfx1201.
[ 78%] Building CXX object io/CMakeFiles/hemelb_io.dir/xml/XmlAbstractionLayer.cc.o
[ 79%] Building CXX object lb/CMakeFiles/hemelb_lb.dir/SimulationState.cc.o
[ 79%] Building CXX object net/CMakeFiles/hemelb_net.dir/phased/StepManager.cc.o
[ 80%] Building HIP object lb/CMakeFiles/hemelb_lb.dir/StabilityTester.cc.o
[ 81%] Building HIP object extraction/CMakeFiles/hemelb_extraction.dir/LocalDistributionInput.cc.o
[ 81%] Building HIP object lb/CMakeFiles/hemelb_lb.dir/InitialCondition.cc.o
[ 82%] Building HIP object net/CMakeFiles/hemelb_net.dir/BaseNet.cc.o
In file included from /home/hpc-i/student10/HemePure_GPU_AMD/src/lb/MacroscopicPropertyCache.cc:7:
In file included from /home/hpc-i/student10/HemePure_GPU_AMD/src/lb/MacroscopicPropertyCache.h:11:
In file included from /home/hpc-i/student10/HemePure_GPU_AMD/src/geometry/LatticeData.h:18:
In file included from /home/hpc-i/student10/HemePure_GPU_AMD/src/configuration/SimConfig.h:19:
/home/hpc-i/student10/HemePure_GPU_AMD/src/io/xml/XmlAbstractionLayer.h:241:41: warning: 'iterator<std::forward_iterator_tag, hemelb::io::xml::Element>' is deprecated [-Wdeprecated-declarations]
  241 |       class ChildIterator : public std::iterator<std::forward_iterator_tag, Element>
      |                                         ^
/usr/lib/gcc/x86_64-linux-gnu/14/../../../../include/c++/14/bits/stl_iterator_base_types.h:127:12: note: 'iterator<std::forward_iterator_tag, hemelb::io::xml::Element>' has been explicitly marked deprecated here
  127 |     struct _GLIBCXX17_DEPRECATED iterator
      |            ^
/usr/lib/gcc/x86_64-linux-gnu/14/../../../../include/x86_64-linux-gnu/c++/14/bits/c++config.h:123:34: note: expanded from macro '_GLIBCXX17_DEPRECATED'
  123 | # define _GLIBCXX17_DEPRECATED [[__deprecated__]]
      |                                  ^
In file included from /home/hpc-i/student10/HemePure_GPU_AMD/src/extraction/LbDataSourceIterator.cc:7:
In file included from /home/hpc-i/student10/HemePure_GPU_AMD/src/extraction/LbDataSourceIterator.h:11:
In file included from /home/hpc-i/student10/HemePure_GPU_AMD/src/geometry/LatticeData.h:18:
In file included from /home/hpc-i/student10/HemePure_GPU_AMD/src/configuration/SimConfig.h:19:
/home/hpc-i/student10/HemePure_GPU_AMD/src/io/xml/XmlAbstractionLayer.h:241:41: warning: 'iterator<std::forward_iterator_tag, hemelb::io::xml::Element>' is deprecated [-Wdeprecated-declarations]
  241 |       class ChildIterator : public std::iterator<std::forward_iterator_tag, Element>
      |                                         ^
/usr/lib/gcc/x86_64-linux-gnu/14/../../../../include/c++/14/bits/stl_iterator_base_types.h:127:12: note: 'iterator<std::forward_iterator_tag, hemelb::io::xml::Element>' has been explicitly marked deprecated here
  127 |     struct _GLIBCXX17_DEPRECATED iterator
      |            ^
/usr/lib/gcc/x86_64-linux-gnu/14/../../../../include/x86_64-linux-gnu/c++/14/bits/c++config.h:123:34: note: expanded from macro '_GLIBCXX17_DEPRECATED'
  123 | # define _GLIBCXX17_DEPRECATED [[__deprecated__]]
      |                                  ^
1 warning generated when compiling for gfx1201.
1 warning generated when compiling for host.
[ 82%] Linking CXX static library libhemelb_io.a
In file included from /home/hpc-i/student10/HemePure_GPU_AMD/src/lb/StabilityTester.cc:7:
In file included from /home/hpc-i/student10/HemePure_GPU_AMD/src/lb/StabilityTester.h:11:
In file included from /home/hpc-i/student10/HemePure_GPU_AMD/src/geometry/LatticeData.h:18:
In file included from /home/hpc-i/student10/HemePure_GPU_AMD/src/configuration/SimConfig.h:19:
/home/hpc-i/student10/HemePure_GPU_AMD/src/io/xml/XmlAbstractionLayer.h:241:41: warning: 'iterator<std::forward_iterator_tag, hemelb::io::xml::Element>' is deprecated [-Wdeprecated-declarations]
  241 |       class ChildIterator : public std::iterator<std::forward_iterator_tag, Element>
      |                                         ^
/usr/lib/gcc/x86_64-linux-gnu/14/../../../../include/c++/14/bits/stl_iterator_base_types.h:127:12: note: 'iterator<std::forward_iterator_tag, hemelb::io::xml::Element>' has been explicitly marked deprecated here
  127 |     struct _GLIBCXX17_DEPRECATED iterator
      |            ^
/usr/lib/gcc/x86_64-linux-gnu/14/../../../../include/x86_64-linux-gnu/c++/14/bits/c++config.h:123:34: note: expanded from macro '_GLIBCXX17_DEPRECATED'
  123 | # define _GLIBCXX17_DEPRECATED [[__deprecated__]]
      |                                  ^
[ 82%] Built target hemelb_io
In file included from /home/hpc-i/student10/HemePure_GPU_AMD/src/lb/StabilityTester.cc:7:
In file included from /home/hpc-i/student10/HemePure_GPU_AMD/src/lb/StabilityTester.h:16:
/home/hpc-i/student10/HemePure_GPU_AMD/src/cuda_kernels_def_decl/cuda_params.h:25:21: error: unknown type name 'distribn_t'; did you mean 'hemelb::distribn_t'?
   25 | extern __constant__ distribn_t dev_tau;
      |                     ^~~~~~~~~~
      |                     hemelb::distribn_t
/home/hpc-i/student10/HemePure_GPU_AMD/src/units.h:26:18: note: 'hemelb::distribn_t' declared here
   26 |   typedef double distribn_t;
      |                  ^
In file included from /home/hpc-i/student10/HemePure_GPU_AMD/src/lb/StabilityTester.cc:7:
In file included from /home/hpc-i/student10/HemePure_GPU_AMD/src/lb/StabilityTester.h:16:
/home/hpc-i/student10/HemePure_GPU_AMD/src/cuda_kernels_def_decl/cuda_params.h:26:21: error: unknown type name 'distribn_t'; did you mean 'hemelb::distribn_t'?
   26 | extern __constant__ distribn_t dev_minusInvTau;
      |                     ^~~~~~~~~~
      |                     hemelb::distribn_t
/home/hpc-i/student10/HemePure_GPU_AMD/src/units.h:26:18: note: 'hemelb::distribn_t' declared here
   26 |   typedef double distribn_t;
      |                  ^
In file included from /home/hpc-i/student10/HemePure_GPU_AMD/src/lb/StabilityTester.cc:7:
In file included from /home/hpc-i/student10/HemePure_GPU_AMD/src/lb/StabilityTester.h:16:
/home/hpc-i/student10/HemePure_GPU_AMD/src/cuda_kernels_def_decl/cuda_params.h:28:32: error: unknown type name 'distribn_t'; did you mean 'hemelb::distribn_t'?
   28 | extern __device__ __constant__ distribn_t _EQMWEIGHTS_19[19];
      |                                ^~~~~~~~~~
      |                                hemelb::distribn_t
/home/hpc-i/student10/HemePure_GPU_AMD/src/units.h:26:18: note: 'hemelb::distribn_t' declared here
   26 |   typedef double distribn_t;
      |                  ^
In file included from /home/hpc-i/student10/HemePure_GPU_AMD/src/lb/StabilityTester.cc:7:
In file included from /home/hpc-i/student10/HemePure_GPU_AMD/src/lb/StabilityTester.h:16:
/home/hpc-i/student10/HemePure_GPU_AMD/src/cuda_kernels_def_decl/cuda_params.h:32:21: error: unknown type name 'distribn_t'; did you mean 'hemelb::distribn_t'?
   32 | extern __constant__ distribn_t _Cs2;
      |                     ^~~~~~~~~~
      |                     hemelb::distribn_t
/home/hpc-i/student10/HemePure_GPU_AMD/src/units.h:26:18: note: 'hemelb::distribn_t' declared here
   26 |   typedef double distribn_t;
      |                  ^
In file included from /home/hpc-i/student10/HemePure_GPU_AMD/src/lb/StabilityTester.cc:7:
In file included from /home/hpc-i/student10/HemePure_GPU_AMD/src/lb/StabilityTester.h:16:
/home/hpc-i/student10/HemePure_GPU_AMD/src/cuda_kernels_def_decl/cuda_params.h:34:21: error: unknown type name 'distribn_t'; did you mean 'hemelb::distribn_t'?
   34 | extern __constant__ distribn_t _iStressParameter;
      |                     ^~~~~~~~~~
      |                     hemelb::distribn_t
/home/hpc-i/student10/HemePure_GPU_AMD/src/units.h:26:18: note: 'hemelb::distribn_t' declared here
   26 |   typedef double distribn_t;
      |                  ^
In file included from /home/hpc-i/student10/HemePure_GPU_AMD/src/lb/StabilityTester.cc:7:
In file included from /home/hpc-i/student10/HemePure_GPU_AMD/src/lb/StabilityTester.h:16:
/home/hpc-i/student10/HemePure_GPU_AMD/src/cuda_kernels_def_decl/cuda_params.h:37:21: error: unknown type name 'distribn_t'; did you mean 'hemelb::distribn_t'?
   37 | extern __constant__ distribn_t dev_smag_cnst;
      |                     ^~~~~~~~~~
      |                     hemelb::distribn_t
/home/hpc-i/student10/HemePure_GPU_AMD/src/units.h:26:18: note: 'hemelb::distribn_t' declared here
   26 |   typedef double distribn_t;
      |                  ^
In file included from /home/hpc-i/student10/HemePure_GPU_AMD/src/lb/StabilityTester.cc:7:
In file included from /home/hpc-i/student10/HemePure_GPU_AMD/src/lb/StabilityTester.h:16:
/home/hpc-i/student10/HemePure_GPU_AMD/src/cuda_kernels_def_decl/cuda_params.h:401:2: warning: '/*' within block comment [-Wcomment]
  401 |         /* Despite its name, this method does not compute the whole pi tensor (i.e. momentum flux tensor). What it does is
      |         ^
/home/hpc-i/student10/HemePure_GPU_AMD/src/cuda_kernels_def_decl/cuda_params.h:466:2: warning: '/*' within block comment [-Wcomment]
  466 |         /* Despite its name, this method does not compute the whole pi tensor (i.e. momentum flux tensor). What it does is
      |         ^
In file included from /home/hpc-i/student10/HemePure_GPU_AMD/src/extraction/LocalDistributionInput.cc:4:
In file included from /home/hpc-i/student10/HemePure_GPU_AMD/src/geometry/LatticeData.h:18:
In file included from /home/hpc-i/student10/HemePure_GPU_AMD/src/configuration/SimConfig.h:19:
/home/hpc-i/student10/HemePure_GPU_AMD/src/io/xml/XmlAbstractionLayer.h:241:41: warning: 'iterator<std::forward_iterator_tag, hemelb::io::xml::Element>' is deprecated [-Wdeprecated-declarations]
  241 |       class ChildIterator : public std::iterator<std::forward_iterator_tag, Element>
      |                                         ^
/usr/lib/gcc/x86_64-linux-gnu/14/../../../../include/c++/14/bits/stl_iterator_base_types.h:127:12: note: 'iterator<std::forward_iterator_tag, hemelb::io::xml::Element>' has been explicitly marked deprecated here
  127 |     struct _GLIBCXX17_DEPRECATED iterator
      |            ^
/usr/lib/gcc/x86_64-linux-gnu/14/../../../../include/x86_64-linux-gnu/c++/14/bits/c++config.h:123:34: note: expanded from macro '_GLIBCXX17_DEPRECATED'
  123 | # define _GLIBCXX17_DEPRECATED [[__deprecated__]]
      |                                  ^
In file included from /home/hpc-i/student10/HemePure_GPU_AMD/src/lb/InitialCondition.cc:6:
In file included from /home/hpc-i/student10/HemePure_GPU_AMD/src/lb/InitialCondition.h:11:
In file included from /home/hpc-i/student10/HemePure_GPU_AMD/src/geometry/LatticeData.h:18:
In file included from /home/hpc-i/student10/HemePure_GPU_AMD/src/configuration/SimConfig.h:19:
/home/hpc-i/student10/HemePure_GPU_AMD/src/io/xml/XmlAbstractionLayer.h:241:41: warning: 'iterator<std::forward_iterator_tag, hemelb::io::xml::Element>' is deprecated [-Wdeprecated-declarations]
  241 |       class ChildIterator : public std::iterator<std::forward_iterator_tag, Element>
      |                                         ^
/usr/lib/gcc/x86_64-linux-gnu/14/../../../../include/c++/14/bits/stl_iterator_base_types.h:127:12: note: 'iterator<std::forward_iterator_tag, hemelb::io::xml::Element>' has been explicitly marked deprecated here
  127 |     struct _GLIBCXX17_DEPRECATED iterator
      |            ^
/usr/lib/gcc/x86_64-linux-gnu/14/../../../../include/x86_64-linux-gnu/c++/14/bits/c++config.h:123:34: note: expanded from macro '_GLIBCXX17_DEPRECATED'
  123 | # define _GLIBCXX17_DEPRECATED [[__deprecated__]]
      |                                  ^
3 warnings and 6 errors generated when compiling for gfx1201.
gmake[2]: *** [lb/CMakeFiles/hemelb_lb.dir/build.make:407: lb/CMakeFiles/hemelb_lb.dir/StabilityTester.cc.o] Error 1
gmake[2]: *** Waiting for unfinished jobs....
1 warning generated when compiling for gfx1201.
1 warning generated when compiling for gfx1201.
[ 83%] Linking HIP static library libhemelb_net.a
In file included from /home/hpc-i/student10/HemePure_GPU_AMD/src/lb/MacroscopicPropertyCache.cc:7:
In file included from /home/hpc-i/student10/HemePure_GPU_AMD/src/lb/MacroscopicPropertyCache.h:11:
In file included from /home/hpc-i/student10/HemePure_GPU_AMD/src/geometry/LatticeData.h:18:
In file included from /home/hpc-i/student10/HemePure_GPU_AMD/src/configuration/SimConfig.h:19:
/home/hpc-i/student10/HemePure_GPU_AMD/src/io/xml/XmlAbstractionLayer.h:241:41: warning: 'iterator<std::forward_iterator_tag, hemelb::io::xml::Element>' is deprecated [-Wdeprecated-declarations]
  241 |       class ChildIterator : public std::iterator<std::forward_iterator_tag, Element>
      |                                         ^
/usr/lib/gcc/x86_64-linux-gnu/14/../../../../include/c++/14/bits/stl_iterator_base_types.h:127:12: note: 'iterator<std::forward_iterator_tag, hemelb::io::xml::Element>' has been explicitly marked deprecated here
  127 |     struct _GLIBCXX17_DEPRECATED iterator
      |            ^
/usr/lib/gcc/x86_64-linux-gnu/14/../../../../include/x86_64-linux-gnu/c++/14/bits/c++config.h:123:34: note: expanded from macro '_GLIBCXX17_DEPRECATED'
  123 | # define _GLIBCXX17_DEPRECATED [[__deprecated__]]
      |                                  ^
[ 83%] Built target hemelb_net
1 warning generated when compiling for host.
In file included from /home/hpc-i/student10/HemePure_GPU_AMD/src/extraction/LocalDistributionInput.cc:4:
In file included from /home/hpc-i/student10/HemePure_GPU_AMD/src/geometry/LatticeData.h:18:
In file included from /home/hpc-i/student10/HemePure_GPU_AMD/src/configuration/SimConfig.h:19:
/home/hpc-i/student10/HemePure_GPU_AMD/src/io/xml/XmlAbstractionLayer.h:241:41: warning: 'iterator<std::forward_iterator_tag, hemelb::io::xml::Element>' is deprecated [-Wdeprecated-declarations]
  241 |       class ChildIterator : public std::iterator<std::forward_iterator_tag, Element>
      |                                         ^
/usr/lib/gcc/x86_64-linux-gnu/14/../../../../include/c++/14/bits/stl_iterator_base_types.h:127:12: note: 'iterator<std::forward_iterator_tag, hemelb::io::xml::Element>' has been explicitly marked deprecated here
  127 |     struct _GLIBCXX17_DEPRECATED iterator
      |            ^
/usr/lib/gcc/x86_64-linux-gnu/14/../../../../include/x86_64-linux-gnu/c++/14/bits/c++config.h:123:34: note: expanded from macro '_GLIBCXX17_DEPRECATED'
  123 | # define _GLIBCXX17_DEPRECATED [[__deprecated__]]
      |                                  ^
In file included from /home/hpc-i/student10/HemePure_GPU_AMD/src/lb/InitialCondition.cc:6:
In file included from /home/hpc-i/student10/HemePure_GPU_AMD/src/lb/InitialCondition.h:11:
In file included from /home/hpc-i/student10/HemePure_GPU_AMD/src/geometry/LatticeData.h:18:
In file included from /home/hpc-i/student10/HemePure_GPU_AMD/src/configuration/SimConfig.h:19:
/home/hpc-i/student10/HemePure_GPU_AMD/src/io/xml/XmlAbstractionLayer.h:241:41: warning: 'iterator<std::forward_iterator_tag, hemelb::io::xml::Element>' is deprecated [-Wdeprecated-declarations]
  241 |       class ChildIterator : public std::iterator<std::forward_iterator_tag, Element>
      |                                         ^
/usr/lib/gcc/x86_64-linux-gnu/14/../../../../include/c++/14/bits/stl_iterator_base_types.h:127:12: note: 'iterator<std::forward_iterator_tag, hemelb::io::xml::Element>' has been explicitly marked deprecated here
  127 |     struct _GLIBCXX17_DEPRECATED iterator
      |            ^
/usr/lib/gcc/x86_64-linux-gnu/14/../../../../include/x86_64-linux-gnu/c++/14/bits/c++config.h:123:34: note: expanded from macro '_GLIBCXX17_DEPRECATED'
  123 | # define _GLIBCXX17_DEPRECATED [[__deprecated__]]
      |                                  ^
1 warning generated when compiling for host.
[ 84%] Linking HIP static library libhemelb_extraction.a
1 warning generated when compiling for host.
gmake[1]: *** [CMakeFiles/Makefile2:468: lb/CMakeFiles/hemelb_lb.dir/all] Error 2
[ 84%] Built target hemelb_extraction
gmake: *** [Makefile:136: all] Error 2
ERROR: build failed for PP
